// Jest Snapshot v1, https://goo.gl/fbAQLP

exports[`[page] / renders / unchanged 1`] = `
<div>
  <div>
    <h1>
      Hello world!
    </h1>
  </div>
</div>
`;
